MoonBite Dashboard starting on http://127.0.0.1:5000
 * Serving Flask app 'web_app'
 * Debug mode: off
WARNING: This is a development server. Do not use it in a production deployment. Use a production WSGI server instead.
 * Running on http://127.0.0.1:5000
Press CTRL+C to quit
Traceback (most recent call last):
  File "C:\Users\usman\Desktop\BigCoinBB\web_app.py", line 1767, in <module>
  File "C:\Users\usman\AppData\Local\Python\pythoncore-3.14-64\Lib\site-packages\flask\app.py", line 662, in run
    run_simple(t.cast(str, host), port, self, **options)
    ~~~~~~~~~~^^^^^^^^^^^^^^^^^^^^^^^^^^^^^^^^^^^^^^^^^^
  File "C:\Users\usman\AppData\Local\Python\pythoncore-3.14-64\Lib\site-packages\werkzeug\serving.py", line 1126, in run_simple
    srv.serve_forever()
    ~~~~~~~~~~~~~~~~~^^
  File "C:\Users\usman\AppData\Local\Python\pythoncore-3.14-64\Lib\site-packages\werkzeug\serving.py", line 820, in serve_forever
    super().serve_forever(poll_interval=poll_interval)
    ~~~~~~~~~~~~~~~~~~~~~^^^^^^^^^^^^^^^^^^^^^^^^^^^^^
  File "C:\Users\usman\AppData\Local\Python\pythoncore-3.14-64\Lib\socketserver.py", line 235, in serve_forever
    ready = selector.select(poll_interval)
  File "C:\Users\usman\AppData\Local\Python\pythoncore-3.14-64\Lib\selectors.py", line 314, in select
    r, w, _ = self._select(self._readers, self._writers, [], timeout)
              ~~~~~~~~~~~~^^^^^^^^^^^^^^^^^^^^^^^^^^^^^^^^^^^^^^^^^^^
  File "C:\Users\usman\AppData\Local\Python\pythoncore-3.14-64\Lib\selectors.py", line 305, in _select
    r, w, x = select.select(r, w, w, timeout)
              ~~~~~~~~~~~~~^^^^^^^^^^^^^^^^^^
OSError: [WinError 10055] An operation on a socket could not be performed because the system lacked sufficient buffer space or because a queue was full
